Archive member included to satisfy reference by file (symbol)

c:/program files/microchip/xc8/v2.45/avr/bin/../lib/gcc/avr/5.4.0/avrxmega3\libgcc.a(_tablejump2.o)
                              build/default/debug/twiRegSlave.o (__tablejump2__)
c:/program files/microchip/xc8/v2.45/avr/bin/../lib/gcc/avr/5.4.0/avrxmega3\libgcc.a(_copy_data.o)
                              build/default/debug/main.o (__do_clear_bss)
c:/program files/microchip/xc8/v2.45/avr/bin/../lib/gcc/avr/5.4.0/../../../../avr/lib/avrxmega3\libc.a(exit.o)
                              C:/Users/Cmdrzin/.mchp_packs/Microchip/ATtiny_DFP/3.1.260/xc8/avr/lib/avrxmega3/crtattiny1614.o (exit)
c:/program files/microchip/xc8/v2.45/avr/bin/../lib/gcc/avr/5.4.0/../../../../avr/lib/avrxmega3\libc.a(_Exit.o)
                              c:/program files/microchip/xc8/v2.45/avr/bin/../lib/gcc/avr/5.4.0/../../../../avr/lib/avrxmega3\libc.a(exit.o) (_Exit)
c:/program files/microchip/xc8/v2.45/avr/bin/../lib/gcc/avr/5.4.0/avrxmega3\libgcc.a(_exit.o)
                              c:/program files/microchip/xc8/v2.45/avr/bin/../lib/gcc/avr/5.4.0/../../../../avr/lib/avrxmega3\libc.a(_Exit.o) (_exit)

Discarded input sections

 .data          0x0000000000000000        0x0 C:/Users/Cmdrzin/.mchp_packs/Microchip/ATtiny_DFP/3.1.260/xc8/avr/lib/avrxmega3/crtattiny1614.o
 .bss           0x0000000000000000        0x0 C:/Users/Cmdrzin/.mchp_packs/Microchip/ATtiny_DFP/3.1.260/xc8/avr/lib/avrxmega3/crtattiny1614.o
 .text          0x0000000000000000        0x0 build/default/debug/main.o
 .data          0x0000000000000000        0x0 build/default/debug/main.o
 .bss           0x0000000000000000        0x0 build/default/debug/main.o
 .text          0x0000000000000000        0x0 build/default/debug/systime.o
 .data          0x0000000000000000        0x0 build/default/debug/systime.o
 .bss           0x0000000000000000        0x0 build/default/debug/systime.o
 .text          0x0000000000000000        0x0 build/default/debug/io_ctrl.o
 .data          0x0000000000000000        0x0 build/default/debug/io_ctrl.o
 .bss           0x0000000000000000        0x0 build/default/debug/io_ctrl.o
 .text          0x0000000000000000        0x0 build/default/debug/adc.o
 .data          0x0000000000000000        0x0 build/default/debug/adc.o
 .bss           0x0000000000000000        0x0 build/default/debug/adc.o
 .text          0x0000000000000000        0x0 build/default/debug/twiRegSlave.o
 .data          0x0000000000000000        0x0 build/default/debug/twiRegSlave.o
 .bss           0x0000000000000000        0x0 build/default/debug/twiRegSlave.o
 .text.twiSetRxRegisterIndex
                0x0000000000000000        0x6 build/default/debug/twiRegSlave.o
 .text.twiSetTxRegisterIndex
                0x0000000000000000        0x6 build/default/debug/twiRegSlave.o
 .text.twiGetRegister
                0x0000000000000000       0x1c build/default/debug/twiRegSlave.o
 .text          0x0000000000000000        0x0 c:/program files/microchip/xc8/v2.45/avr/bin/../lib/gcc/avr/5.4.0/avrxmega3\libgcc.a(_tablejump2.o)
 .data          0x0000000000000000        0x0 c:/program files/microchip/xc8/v2.45/avr/bin/../lib/gcc/avr/5.4.0/avrxmega3\libgcc.a(_tablejump2.o)
 .bss           0x0000000000000000        0x0 c:/program files/microchip/xc8/v2.45/avr/bin/../lib/gcc/avr/5.4.0/avrxmega3\libgcc.a(_tablejump2.o)
 .text.libgcc.mul
                0x0000000000000000        0x0 c:/program files/microchip/xc8/v2.45/avr/bin/../lib/gcc/avr/5.4.0/avrxmega3\libgcc.a(_tablejump2.o)
 .text.libgcc.div
                0x0000000000000000        0x0 c:/program files/microchip/xc8/v2.45/avr/bin/../lib/gcc/avr/5.4.0/avrxmega3\libgcc.a(_tablejump2.o)
 .text.libgcc.prologue
                0x0000000000000000        0x0 c:/program files/microchip/xc8/v2.45/avr/bin/../lib/gcc/avr/5.4.0/avrxmega3\libgcc.a(_tablejump2.o)
 .stack.descriptors
                0x0000000000000000       0x1c c:/program files/microchip/xc8/v2.45/avr/bin/../lib/gcc/avr/5.4.0/avrxmega3\libgcc.a(_tablejump2.o)
 .text.libgcc.builtins
                0x0000000000000000        0x0 c:/program files/microchip/xc8/v2.45/avr/bin/../lib/gcc/avr/5.4.0/avrxmega3\libgcc.a(_tablejump2.o)
 .text.libgcc.fmul
                0x0000000000000000        0x0 c:/program files/microchip/xc8/v2.45/avr/bin/../lib/gcc/avr/5.4.0/avrxmega3\libgcc.a(_tablejump2.o)
 .text.libgcc.fixed
                0x0000000000000000        0x0 c:/program files/microchip/xc8/v2.45/avr/bin/../lib/gcc/avr/5.4.0/avrxmega3\libgcc.a(_tablejump2.o)
 .text          0x0000000000000000        0x0 c:/program files/microchip/xc8/v2.45/avr/bin/../lib/gcc/avr/5.4.0/avrxmega3\libgcc.a(_copy_data.o)
 .data          0x0000000000000000        0x0 c:/program files/microchip/xc8/v2.45/avr/bin/../lib/gcc/avr/5.4.0/avrxmega3\libgcc.a(_copy_data.o)
 .bss           0x0000000000000000        0x0 c:/program files/microchip/xc8/v2.45/avr/bin/../lib/gcc/avr/5.4.0/avrxmega3\libgcc.a(_copy_data.o)
 .text.libgcc.mul
                0x0000000000000000        0x0 c:/program files/microchip/xc8/v2.45/avr/bin/../lib/gcc/avr/5.4.0/avrxmega3\libgcc.a(_copy_data.o)
 .text.libgcc.div
                0x0000000000000000        0x0 c:/program files/microchip/xc8/v2.45/avr/bin/../lib/gcc/avr/5.4.0/avrxmega3\libgcc.a(_copy_data.o)
 .text.libgcc   0x0000000000000000        0x0 c:/program files/microchip/xc8/v2.45/avr/bin/../lib/gcc/avr/5.4.0/avrxmega3\libgcc.a(_copy_data.o)
 .text.libgcc.prologue
                0x0000000000000000        0x0 c:/program files/microchip/xc8/v2.45/avr/bin/../lib/gcc/avr/5.4.0/avrxmega3\libgcc.a(_copy_data.o)
 .text.libgcc.builtins
                0x0000000000000000        0x0 c:/program files/microchip/xc8/v2.45/avr/bin/../lib/gcc/avr/5.4.0/avrxmega3\libgcc.a(_copy_data.o)
 .text.libgcc.fmul
                0x0000000000000000        0x0 c:/program files/microchip/xc8/v2.45/avr/bin/../lib/gcc/avr/5.4.0/avrxmega3\libgcc.a(_copy_data.o)
 .text.libgcc.fixed
                0x0000000000000000        0x0 c:/program files/microchip/xc8/v2.45/avr/bin/../lib/gcc/avr/5.4.0/avrxmega3\libgcc.a(_copy_data.o)
 .text          0x0000000000000000        0x0 c:/program files/microchip/xc8/v2.45/avr/bin/../lib/gcc/avr/5.4.0/../../../../avr/lib/avrxmega3\libc.a(exit.o)
 .data          0x0000000000000000        0x0 c:/program files/microchip/xc8/v2.45/avr/bin/../lib/gcc/avr/5.4.0/../../../../avr/lib/avrxmega3\libc.a(exit.o)
 .bss           0x0000000000000000        0x0 c:/program files/microchip/xc8/v2.45/avr/bin/../lib/gcc/avr/5.4.0/../../../../avr/lib/avrxmega3\libc.a(exit.o)
 .stack.descriptors
                0x0000000000000000       0x73 c:/program files/microchip/xc8/v2.45/avr/bin/../lib/gcc/avr/5.4.0/../../../../avr/lib/avrxmega3\libc.a(exit.o)
 .text          0x0000000000000000        0x0 c:/program files/microchip/xc8/v2.45/avr/bin/../lib/gcc/avr/5.4.0/../../../../avr/lib/avrxmega3\libc.a(_Exit.o)
 .data          0x0000000000000000        0x0 c:/program files/microchip/xc8/v2.45/avr/bin/../lib/gcc/avr/5.4.0/../../../../avr/lib/avrxmega3\libc.a(_Exit.o)
 .bss           0x0000000000000000        0x0 c:/program files/microchip/xc8/v2.45/avr/bin/../lib/gcc/avr/5.4.0/../../../../avr/lib/avrxmega3\libc.a(_Exit.o)
 .stack.descriptors
                0x0000000000000000       0x13 c:/program files/microchip/xc8/v2.45/avr/bin/../lib/gcc/avr/5.4.0/../../../../avr/lib/avrxmega3\libc.a(_Exit.o)
 .text          0x0000000000000000        0x0 c:/program files/microchip/xc8/v2.45/avr/bin/../lib/gcc/avr/5.4.0/avrxmega3\libgcc.a(_exit.o)
 .data          0x0000000000000000        0x0 c:/program files/microchip/xc8/v2.45/avr/bin/../lib/gcc/avr/5.4.0/avrxmega3\libgcc.a(_exit.o)
 .bss           0x0000000000000000        0x0 c:/program files/microchip/xc8/v2.45/avr/bin/../lib/gcc/avr/5.4.0/avrxmega3\libgcc.a(_exit.o)
 .text.libgcc.mul
                0x0000000000000000        0x0 c:/program files/microchip/xc8/v2.45/avr/bin/../lib/gcc/avr/5.4.0/avrxmega3\libgcc.a(_exit.o)
 .text.libgcc.div
                0x0000000000000000        0x0 c:/program files/microchip/xc8/v2.45/avr/bin/../lib/gcc/avr/5.4.0/avrxmega3\libgcc.a(_exit.o)
 .text.libgcc   0x0000000000000000        0x0 c:/program files/microchip/xc8/v2.45/avr/bin/../lib/gcc/avr/5.4.0/avrxmega3\libgcc.a(_exit.o)
 .text.libgcc.prologue
                0x0000000000000000        0x0 c:/program files/microchip/xc8/v2.45/avr/bin/../lib/gcc/avr/5.4.0/avrxmega3\libgcc.a(_exit.o)
 .stack.descriptors
                0x0000000000000000       0x13 c:/program files/microchip/xc8/v2.45/avr/bin/../lib/gcc/avr/5.4.0/avrxmega3\libgcc.a(_exit.o)
 .text.libgcc.builtins
                0x0000000000000000        0x0 c:/program files/microchip/xc8/v2.45/avr/bin/../lib/gcc/avr/5.4.0/avrxmega3\libgcc.a(_exit.o)
 .text.libgcc.fmul
                0x0000000000000000        0x0 c:/program files/microchip/xc8/v2.45/avr/bin/../lib/gcc/avr/5.4.0/avrxmega3\libgcc.a(_exit.o)
 .text.libgcc.fixed
                0x0000000000000000        0x0 c:/program files/microchip/xc8/v2.45/avr/bin/../lib/gcc/avr/5.4.0/avrxmega3\libgcc.a(_exit.o)

Memory Configuration

Name             Origin             Length             Attributes
text             0x0000000000000000 0x0000000000004000 xr
data             0x0000000000803800 0x0000000000000800 rw !x
eeprom           0x0000000000810000 0x0000000000000100 rw !x
fuse             0x0000000000820000 0x000000000000000a rw !x
lock             0x0000000000830000 0x0000000000000400 rw !x
signature        0x0000000000840000 0x0000000000000400 rw !x
user_signatures  0x0000000000850000 0x0000000000000400 rw !x
bootrow          0x0000000000860000 0x0000000000000400 rw !x
*default*        0x0000000000000000 0xffffffffffffffff

Linker script and memory map

Address of section .data set to 0x803800
                0x0000000000008000                __RODATA_PM_OFFSET__ = 0x8000
LOAD C:/Users/Cmdrzin/.mchp_packs/Microchip/ATtiny_DFP/3.1.260/xc8/avr/lib/avrxmega3/crtattiny1614.o
                0x0000000000000001                __MPLAB_BUILD = 0x1
LOAD build/default/debug/main.o
LOAD build/default/debug/systime.o
LOAD build/default/debug/io_ctrl.o
LOAD build/default/debug/adc.o
LOAD build/default/debug/twiRegSlave.o
START GROUP
LOAD c:/program files/microchip/xc8/v2.45/avr/bin/../lib/gcc/avr/5.4.0/../../../../avr/lib/avrxmega3\libm.a
END GROUP
                0x0000000000000001                __MPLAB_DEBUG = 0x1
                0x0000000000000001                __DEBUG = 0x1
START GROUP
LOAD c:/program files/microchip/xc8/v2.45/avr/bin/../lib/gcc/avr/5.4.0/avrxmega3\libgcc.a
LOAD c:/program files/microchip/xc8/v2.45/avr/bin/../lib/gcc/avr/5.4.0/../../../../avr/lib/avrxmega3\libm.a
LOAD c:/program files/microchip/xc8/v2.45/avr/bin/../lib/gcc/avr/5.4.0/../../../../avr/lib/avrxmega3\libc.a
LOAD C:/Users/Cmdrzin/.mchp_packs/Microchip/ATtiny_DFP/3.1.260/xc8/avr/lib/avrxmega3\libattiny1614.a
END GROUP
                [0x0000000000000000]                __TEXT_REGION_ORIGIN__ = DEFINED (__TEXT_REGION_ORIGIN__)?__TEXT_REGION_ORIGIN__:0x0
                [0x0000000000803800]                __DATA_REGION_ORIGIN__ = DEFINED (__DATA_REGION_ORIGIN__)?__DATA_REGION_ORIGIN__:0x802000
                [0x0000000000004000]                __TEXT_REGION_LENGTH__ = DEFINED (__TEXT_REGION_LENGTH__)?__TEXT_REGION_LENGTH__:0x100000
                [0x0000000000000800]                __DATA_REGION_LENGTH__ = DEFINED (__DATA_REGION_LENGTH__)?__DATA_REGION_LENGTH__:0xffa0
                [0x0000000000000100]                __EEPROM_REGION_LENGTH__ = DEFINED (__EEPROM_REGION_LENGTH__)?__EEPROM_REGION_LENGTH__:0x10000
                [0x000000000000000a]                __FUSE_REGION_LENGTH__ = DEFINED (__FUSE_REGION_LENGTH__)?__FUSE_REGION_LENGTH__:0x400
                0x0000000000000400                __LOCK_REGION_LENGTH__ = DEFINED (__LOCK_REGION_LENGTH__)?__LOCK_REGION_LENGTH__:0x400
                0x0000000000000400                __SIGNATURE_REGION_LENGTH__ = DEFINED (__SIGNATURE_REGION_LENGTH__)?__SIGNATURE_REGION_LENGTH__:0x400
                0x0000000000000400                __USER_SIGNATURE_REGION_LENGTH__ = DEFINED (__USER_SIGNATURE_REGION_LENGTH__)?__USER_SIGNATURE_REGION_LENGTH__:0x400
                0x0000000000008000                __RODATA_PM_OFFSET__ = DEFINED (__RODATA_PM_OFFSET__)?__RODATA_PM_OFFSET__:0x8000
                0x0000000000000400                __BOOTROW_REGION_LENGTH__ = DEFINED (__BOOTROW_REGION_LENGTH__)?__BOOTROW_REGION_LENGTH__:0x400

.hash
 *(.hash)

.dynsym
 *(.dynsym)

.dynstr
 *(.dynstr)

.gnu.version
 *(.gnu.version)

.gnu.version_d
 *(.gnu.version_d)

.gnu.version_r
 *(.gnu.version_r)

.rel.init
 *(.rel.init)

.rela.init
 *(.rela.init)

.rel.text
 *(.rel.text)
 *(.rel.text.*)
 *(.rel.gnu.linkonce.t*)

.rela.text
 *(.rela.text)
 *(.rela.text.*)
 *(.rela.gnu.linkonce.t*)

.rel.fini
 *(.rel.fini)

.rela.fini
 *(.rela.fini)

.rel.rodata
 *(.rel.rodata)
 *(.rel.rodata.*)
 *(.rel.gnu.linkonce.r*)

.rela.rodata
 *(.rela.rodata)
 *(.rela.rodata.*)
 *(.rela.gnu.linkonce.r*)

.rel.data
 *(.rel.data)
 *(.rel.data.*)
 *(.rel.gnu.linkonce.d*)

.rela.data
 *(.rela.data)
 *(.rela.data.*)
 *(.rela.gnu.linkonce.d*)

.rel.ctors
 *(.rel.ctors)

.rela.ctors
 *(.rela.ctors)

.rel.dtors
 *(.rel.dtors)

.rela.dtors
 *(.rela.dtors)

.rel.got
 *(.rel.got)

.rela.got
 *(.rela.got)

.rel.bss
 *(.rel.bss)

.rela.bss
 *(.rela.bss)

.rel.plt
 *(.rel.plt)

.rela.plt
 *(.rela.plt)

.text           0x0000000000000000       0xe4
 *(.vectors)
 .vectors       0x0000000000000000       0x7c C:/Users/Cmdrzin/.mchp_packs/Microchip/ATtiny_DFP/3.1.260/xc8/avr/lib/avrxmega3/crtattiny1614.o
                0x0000000000000000                __vector_default
                0x0000000000000000                __vectors
 *(.vectors)
 *(.progmem.gcc*)
 .progmem.gcc_sw_table.__vector_24
                0x000000000000007c        0xe build/default/debug/twiRegSlave.o
 *(.dinit)
 .dinit         0x000000000000008a        0x5 data_init
                0x0000000000000090                . = ALIGN (0x2)
 *fill*         0x000000000000008f        0x1 
                0x0000000000000090                __trampolines_start = .
 *(.trampolines)
 .trampolines   0x0000000000000090        0x0 linker stubs
 *(.trampolines*)
                0x0000000000000090                __trampolines_end = .
 *libprintf_flt.a:*(.progmem.data)
 *libc.a:*(.progmem.data)
                0x0000000000000090                . = ALIGN (0x2)
 *(.jumptables)
 *(.jumptables*)
 *(.lowtext)
 *(.lowtext*)
                0x0000000000000090                __ctors_start = .
 *(.ctors)
                0x0000000000000090                __ctors_end = .
                0x0000000000000090                __dtors_start = .
 *(.dtors)
                0x0000000000000090                __dtors_end = .
 SORT(*)(.ctors)
 SORT(*)(.dtors)
 *(.init0)
 .init0         0x0000000000000090        0x0 C:/Users/Cmdrzin/.mchp_packs/Microchip/ATtiny_DFP/3.1.260/xc8/avr/lib/avrxmega3/crtattiny1614.o
                0x0000000000000090                __init
 *(.init0)
 *(.init1)
 *(.init1)
 *(.init2)
 .init2         0x0000000000000090        0xc C:/Users/Cmdrzin/.mchp_packs/Microchip/ATtiny_DFP/3.1.260/xc8/avr/lib/avrxmega3/crtattiny1614.o
 *(.init2)
 *(.init3)
 *(.init3)
 *(.init4)
 .init4         0x000000000000009c       0x3c c:/program files/microchip/xc8/v2.45/avr/bin/../lib/gcc/avr/5.4.0/avrxmega3\libgcc.a(_copy_data.o)
                0x000000000000009c                __do_copy_data
                0x00000000000000ca                __do_clear_bss
 *(.init4)
 *(.init5)
 *(.init5)
 *(.init6)
 *(.init6)
 *(.init7)
 *(.init7)
 *(.init8)
 *(.init8)
 *(.init9)
 .init9         0x00000000000000d8        0x8 C:/Users/Cmdrzin/.mchp_packs/Microchip/ATtiny_DFP/3.1.260/xc8/avr/lib/avrxmega3/crtattiny1614.o
 *(.init9)
                0x00000000000000e0                . = ALIGN (0x2)
 *(.fini9)
 .fini9         0x00000000000000e0        0x0 c:/program files/microchip/xc8/v2.45/avr/bin/../lib/gcc/avr/5.4.0/avrxmega3\libgcc.a(_exit.o)
                0x00000000000000e0                _exit
 *(.fini9)
 *(.fini8)
 *(.fini8)
 *(.fini7)
 *(.fini7)
 *(.fini6)
 *(.fini6)
 *(.fini5)
 *(.fini5)
 *(.fini4)
 *(.fini4)
 *(.fini3)
 *(.fini3)
 *(.fini2)
 *(.fini2)
 *(.fini1)
 *(.fini1)
 *(.fini0)
 .fini0         0x00000000000000e0        0x4 c:/program files/microchip/xc8/v2.45/avr/bin/../lib/gcc/avr/5.4.0/avrxmega3\libgcc.a(_exit.o)
 *(.fini0)
                0x00000000000000e4                _etext = .

.data           0x0000000000803800        0x0 load address 0x00000000000000e4
                [!provide]                        PROVIDE (__data_start, .)
 *(.gnu.linkonce.d*)
                0x0000000000803800                . = ALIGN (0x2)
                0x0000000000803800                _edata = .
                [!provide]                        PROVIDE (__data_end, .)

.bss            0x0000000000803800        0x0
                [!provide]                        PROVIDE (__bss_start, .)
 *(COMMON)
                [!provide]                        PROVIDE (__bss_end, .)
                0x00000000000000e4                __data_load_start = LOADADDR (.data)
                0x00000000000000e4                __data_load_end = (__data_load_start + SIZEOF (.data))

.noinit         0x0000000000803800        0x0
                [!provide]                        PROVIDE (__noinit_start, .)
 *(.noinit*)
                [!provide]                        PROVIDE (__noinit_end, .)
                0x0000000000803800                _end = .

.eeprom         0x0000000000810000        0x0
 *(.eeprom*)
                0x0000000000810000                __eeprom_end = .

.fuse
 *(.fuse)
 *(.lfuse)
 *(.hfuse)
 *(.efuse)

.lock
 *(.lock*)

.signature
 *(.signature*)

.user_signatures
 *(.user_signatures*)

.bootrow
 *(.bootrow*)

.stab
 *(.stab)

.stabstr
 *(.stabstr)

.stab.excl
 *(.stab.excl)

.stab.exclstr
 *(.stab.exclstr)

.stab.index
 *(.stab.index)

.stab.indexstr
 *(.stab.indexstr)

.comment        0x0000000000000000       0x5b
 *(.comment)
 .comment       0x0000000000000000       0x2f build/default/debug/main.o
                                         0x30 (size before relaxing)
 .comment       0x000000000000002f       0x30 build/default/debug/systime.o
 .comment       0x000000000000002f       0x30 build/default/debug/io_ctrl.o
 .comment       0x000000000000002f       0x30 build/default/debug/adc.o
 .comment       0x000000000000002f       0x30 build/default/debug/twiRegSlave.o
 .comment       0x000000000000002f       0x2c c:/program files/microchip/xc8/v2.45/avr/bin/../lib/gcc/avr/5.4.0/../../../../avr/lib/avrxmega3\libc.a(exit.o)
                                         0x2d (size before relaxing)
 .comment       0x000000000000005b       0x2d c:/program files/microchip/xc8/v2.45/avr/bin/../lib/gcc/avr/5.4.0/../../../../avr/lib/avrxmega3\libc.a(_Exit.o)

.stack.descriptors.hdr
                0x0000000000000000       0x38
 .stack.descriptors.hdr
                0x0000000000000000        0xe c:/program files/microchip/xc8/v2.45/avr/bin/../lib/gcc/avr/5.4.0/avrxmega3\libgcc.a(_tablejump2.o)
 .stack.descriptors.hdr
                0x000000000000000e        0xe c:/program files/microchip/xc8/v2.45/avr/bin/../lib/gcc/avr/5.4.0/../../../../avr/lib/avrxmega3\libc.a(exit.o)
 .stack.descriptors.hdr
                0x000000000000001c        0xe c:/program files/microchip/xc8/v2.45/avr/bin/../lib/gcc/avr/5.4.0/../../../../avr/lib/avrxmega3\libc.a(_Exit.o)
 .stack.descriptors.hdr
                0x000000000000002a        0xe c:/program files/microchip/xc8/v2.45/avr/bin/../lib/gcc/avr/5.4.0/avrxmega3\libgcc.a(_exit.o)

.note.GNU-stack
                0x0000000000000000        0x0
 .note.GNU-stack
                0x0000000000000000        0x0 c:/program files/microchip/xc8/v2.45/avr/bin/../lib/gcc/avr/5.4.0/../../../../avr/lib/avrxmega3\libc.a(exit.o)
 .note.GNU-stack
                0x0000000000000000        0x0 c:/program files/microchip/xc8/v2.45/avr/bin/../lib/gcc/avr/5.4.0/../../../../avr/lib/avrxmega3\libc.a(_Exit.o)

.note.gnu.build-id
 *(.note.gnu.build-id)

.debug
 *(.debug)

.line
 *(.line)

.debug_srcinfo
 *(.debug_srcinfo)

.debug_sfnames
 *(.debug_sfnames)

.debug_aranges  0x0000000000000000       0xf8
 *(.debug_aranges)
 .debug_aranges
                0x0000000000000000       0x20 build/default/debug/main.o
 .debug_aranges
                0x0000000000000020       0x30 build/default/debug/systime.o
 .debug_aranges
                0x0000000000000050       0x28 build/default/debug/io_ctrl.o
 .debug_aranges
                0x0000000000000078       0x38 build/default/debug/adc.o
 .debug_aranges
                0x00000000000000b0       0x48 build/default/debug/twiRegSlave.o

.debug_pubnames
 *(.debug_pubnames)

.debug_info     0x0000000000000000     0x3e86
 *(.debug_info .gnu.linkonce.wi.*)
 .debug_info    0x0000000000000000     0x1ba2 C:/Users/Cmdrzin/.mchp_packs/Microchip/ATtiny_DFP/3.1.260/xc8/avr/lib/avrxmega3/crtattiny1614.o
 .debug_info    0x0000000000001ba2      0x445 build/default/debug/main.o
 .debug_info    0x0000000000001fe7      0xbb0 build/default/debug/systime.o
 .debug_info    0x0000000000002b97      0x44f build/default/debug/io_ctrl.o
 .debug_info    0x0000000000002fe6      0x85c build/default/debug/adc.o
 .debug_info    0x0000000000003842      0x644 build/default/debug/twiRegSlave.o

.debug_abbrev   0x0000000000000000     0x1ed2
 *(.debug_abbrev)
 .debug_abbrev  0x0000000000000000     0x1a26 C:/Users/Cmdrzin/.mchp_packs/Microchip/ATtiny_DFP/3.1.260/xc8/avr/lib/avrxmega3/crtattiny1614.o
 .debug_abbrev  0x0000000000001a26       0xe6 build/default/debug/main.o
 .debug_abbrev  0x0000000000001b0c      0x124 build/default/debug/systime.o
 .debug_abbrev  0x0000000000001c30       0xa0 build/default/debug/io_ctrl.o
 .debug_abbrev  0x0000000000001cd0      0x129 build/default/debug/adc.o
 .debug_abbrev  0x0000000000001df9       0xd9 build/default/debug/twiRegSlave.o

.debug_line     0x0000000000000000      0x843
 *(.debug_line .debug_line.* .debug_line_end)
 .debug_line    0x0000000000000000      0x151 C:/Users/Cmdrzin/.mchp_packs/Microchip/ATtiny_DFP/3.1.260/xc8/avr/lib/avrxmega3/crtattiny1614.o
 .debug_line    0x0000000000000151      0x104 build/default/debug/main.o
 .debug_line    0x0000000000000255      0x13c build/default/debug/systime.o
 .debug_line    0x0000000000000391       0xf7 build/default/debug/io_ctrl.o
 .debug_line    0x0000000000000488      0x14d build/default/debug/adc.o
 .debug_line    0x00000000000005d5      0x26e build/default/debug/twiRegSlave.o

.debug_frame    0x0000000000000000      0x1a4
 *(.debug_frame)
 .debug_frame   0x0000000000000000       0x24 build/default/debug/main.o
 .debug_frame   0x0000000000000024       0x54 build/default/debug/systime.o
 .debug_frame   0x0000000000000078       0x34 build/default/debug/io_ctrl.o
 .debug_frame   0x00000000000000ac       0x54 build/default/debug/adc.o
 .debug_frame   0x0000000000000100       0xa4 build/default/debug/twiRegSlave.o

.debug_str      0x0000000000000000      0xc02
 *(.debug_str)
 .debug_str     0x0000000000000000      0xb5b C:/Users/Cmdrzin/.mchp_packs/Microchip/ATtiny_DFP/3.1.260/xc8/avr/lib/avrxmega3/crtattiny1614.o
 .debug_str     0x0000000000000b5b       0x55 build/default/debug/main.o
 .debug_str     0x0000000000000bb0       0x52 build/default/debug/systime.o
 .debug_str     0x0000000000000c02        0x0 build/default/debug/io_ctrl.o
 .debug_str     0x0000000000000c02        0x0 build/default/debug/adc.o
 .debug_str     0x0000000000000c02        0x0 build/default/debug/twiRegSlave.o

.debug_loc      0x0000000000000000      0x1f7
 *(.debug_loc)
 .debug_loc     0x0000000000000000       0x7e build/default/debug/main.o
 .debug_loc     0x000000000000007e       0x26 build/default/debug/adc.o
 .debug_loc     0x00000000000000a4      0x153 build/default/debug/twiRegSlave.o

.debug_macinfo
 *(.debug_macinfo)

.debug_weaknames
 *(.debug_weaknames)

.debug_funcnames
 *(.debug_funcnames)

.debug_typenames
 *(.debug_typenames)

.debug_varnames
 *(.debug_varnames)

.debug_pubtypes
 *(.debug_pubtypes)

.debug_ranges   0x0000000000000000       0xa8
 *(.debug_ranges)
 .debug_ranges  0x0000000000000000       0x10 build/default/debug/main.o
 .debug_ranges  0x0000000000000010       0x20 build/default/debug/systime.o
 .debug_ranges  0x0000000000000030       0x18 build/default/debug/io_ctrl.o
 .debug_ranges  0x0000000000000048       0x28 build/default/debug/adc.o
 .debug_ranges  0x0000000000000070       0x38 build/default/debug/twiRegSlave.o

.debug_macro
 *(.debug_macro)
OUTPUT(dist/default/debug/ITMC_III_5.X.debug.elf elf32-avr)
LOAD linker stubs
LOAD data_init

.note.gnu.avr.deviceinfo
                0x0000000000000000       0x40
 .note.gnu.avr.deviceinfo
                0x0000000000000000       0x40 C:/Users/Cmdrzin/.mchp_packs/Microchip/ATtiny_DFP/3.1.260/xc8/avr/lib/avrxmega3/crtattiny1614.o

.bss.txRegister
                0x0000000000803800       0x10
 .bss.txRegister
                0x0000000000803800       0x10 build/default/debug/main.o
                0x0000000000803800                txRegister

.bss.rxRegister
                0x0000000000803810       0x10
 .bss.rxRegister
                0x0000000000803810       0x10 build/default/debug/main.o
                0x0000000000803810                rxRegister

.bss.totalMilliseconds
                0x0000000000803820        0x4
 .bss.totalMilliseconds
                0x0000000000803820        0x4 build/default/debug/systime.o

.bss.setRegIndex.3252
                0x0000000000803828        0x1
 .bss.setRegIndex.3252
                0x0000000000803828        0x1 build/default/debug/twiRegSlave.o

.bss.txRegIndex
                0x0000000000803829        0x1
 .bss.txRegIndex
                0x0000000000803829        0x1 build/default/debug/twiRegSlave.o

.bss.rxRegIndex
                0x000000000080382a        0x1
 .bss.rxRegIndex
                0x000000000080382a        0x1 build/default/debug/twiRegSlave.o

.bss.txRegSize  0x000000000080382b        0x1
 .bss.txRegSize
                0x000000000080382b        0x1 build/default/debug/twiRegSlave.o

.bss.rxRegSize  0x000000000080382c        0x1
 .bss.rxRegSize
                0x000000000080382c        0x1 build/default/debug/twiRegSlave.o

.bss.txRegisters
                0x0000000000803824        0x2
 .bss.txRegisters
                0x0000000000803824        0x2 build/default/debug/twiRegSlave.o

.bss.rxRegisters
                0x0000000000803826        0x2
 .bss.rxRegisters
                0x0000000000803826        0x2 build/default/debug/twiRegSlave.o

.text.__vector_24
                0x00000000000000e4      0x14e
 .text.__vector_24
                0x00000000000000e4      0x14e build/default/debug/twiRegSlave.o
                0x00000000000000e4                __vector_24

.text.main      0x0000000000000232       0x70
 .text.main     0x0000000000000232       0x70 build/default/debug/main.o
                0x0000000000000232                main

.text.__vector_8
                0x00000000000002a2       0x4c
 .text.__vector_8
                0x00000000000002a2       0x4c build/default/debug/systime.o
                0x00000000000002a2                __vector_8

.text.twiRegSlaveInit
                0x00000000000002ee       0x34
 .text.twiRegSlaveInit
                0x00000000000002ee       0x34 build/default/debug/twiRegSlave.o
                0x00000000000002ee                twiRegSlaveInit

.text.init_systime
                0x0000000000000322       0x1a
 .text.init_systime
                0x0000000000000322       0x1a build/default/debug/systime.o
                0x0000000000000322                init_systime

.text.init_adc  0x000000000000033c       0x18
 .text.init_adc
                0x000000000000033c       0x18 build/default/debug/adc.o
                0x000000000000033c                init_adc

.text.twiSetRegister
                0x0000000000000354       0x18
 .text.twiSetRegister
                0x0000000000000354       0x18 build/default/debug/twiRegSlave.o
                0x0000000000000354                twiSetRegister

.text.millis    0x000000000000036c       0x16
 .text.millis   0x000000000000036c       0x16 build/default/debug/systime.o
                0x000000000000036c                millis

.text.exit      0x0000000000000382       0x16
 .text.exit     0x0000000000000382       0x16 c:/program files/microchip/xc8/v2.45/avr/bin/../lib/gcc/avr/5.4.0/../../../../avr/lib/avrxmega3\libc.a(exit.o)
                0x0000000000000382                exit

.text.check_adc
                0x0000000000000398        0xe
 .text.check_adc
                0x0000000000000398        0xe build/default/debug/adc.o
                0x0000000000000398                check_adc

.text.read_adc  0x00000000000003a6        0xe
 .text.read_adc
                0x00000000000003a6        0xe build/default/debug/adc.o
                0x00000000000003a6                read_adc

.text.init_io   0x00000000000003b4        0xc
 .text.init_io  0x00000000000003b4        0xc build/default/debug/io_ctrl.o
                0x00000000000003b4                init_io

.text.libgcc    0x00000000000003c0        0xc
 .text.libgcc   0x00000000000003c0        0xc c:/program files/microchip/xc8/v2.45/avr/bin/../lib/gcc/avr/5.4.0/avrxmega3\libgcc.a(_tablejump2.o)
                0x00000000000003c0                __tablejump2__

.text.toggle_LED
                0x00000000000003cc        0x8
 .text.toggle_LED
                0x00000000000003cc        0x8 build/default/debug/io_ctrl.o
                0x00000000000003cc                toggle_LED

.text.trigger_adc
                0x00000000000003d4        0x8
 .text.trigger_adc
                0x00000000000003d4        0x8 build/default/debug/adc.o
                0x00000000000003d4                trigger_adc

.text           0x00000000000003dc        0x4
 .text          0x00000000000003dc        0x4 C:/Users/Cmdrzin/.mchp_packs/Microchip/ATtiny_DFP/3.1.260/xc8/avr/lib/avrxmega3/crtattiny1614.o
                0x00000000000003dc                __vector_22
                0x00000000000003dc                __vector_28
                0x00000000000003dc                __vector_1
                0x00000000000003dc                __vector_12
                0x00000000000003dc                __bad_interrupt
                0x00000000000003dc                __vector_6
                0x00000000000003dc                __vector_3
                0x00000000000003dc                __vector_23
                0x00000000000003dc                __vector_30
                0x00000000000003dc                __vector_25
                0x00000000000003dc                __vector_11
                0x00000000000003dc                __vector_13
                0x00000000000003dc                __vector_17
                0x00000000000003dc                __vector_19
                0x00000000000003dc                __vector_7
                0x00000000000003dc                __vector_27
                0x00000000000003dc                __vector_5
                0x00000000000003dc                __vector_4
                0x00000000000003dc                __vector_9
                0x00000000000003dc                __vector_2
                0x00000000000003dc                __vector_21
                0x00000000000003dc                __vector_15
                0x00000000000003dc                __vector_29
                0x00000000000003dc                __vector_26
                0x00000000000003dc                __vector_14
                0x00000000000003dc                __vector_10
                0x00000000000003dc                __vector_16
                0x00000000000003dc                __vector_18
                0x00000000000003dc                __vector_20

.text._Exit     0x00000000000003e0        0x4
 .text._Exit    0x00000000000003e0        0x4 c:/program files/microchip/xc8/v2.45/avr/bin/../lib/gcc/avr/5.4.0/../../../../avr/lib/avrxmega3\libc.a(_Exit.o)
                0x00000000000003e0                _Exit

.text.__dummy_fini
                0x00000000000003e4        0x2
 .text.__dummy_fini
                0x00000000000003e4        0x2 c:/program files/microchip/xc8/v2.45/avr/bin/../lib/gcc/avr/5.4.0/../../../../avr/lib/avrxmega3\libc.a(exit.o)
                0x00000000000003e4                _fini

.text.__dummy_funcs_on_exit
                0x00000000000003e6        0x2
 .text.__dummy_funcs_on_exit
                0x00000000000003e6        0x2 c:/program files/microchip/xc8/v2.45/avr/bin/../lib/gcc/avr/5.4.0/../../../../avr/lib/avrxmega3\libc.a(exit.o)
                0x00000000000003e6                __funcs_on_exit

.text.__dummy_simulator_exit
                0x00000000000003e8        0x2
 .text.__dummy_simulator_exit
                0x00000000000003e8        0x2 c:/program files/microchip/xc8/v2.45/avr/bin/../lib/gcc/avr/5.4.0/../../../../avr/lib/avrxmega3\libc.a(exit.o)
                0x00000000000003e8                __simulator_exit
