Archive member included to satisfy reference by file (symbol)

c:/program files/microchip/xc8/v2.45/avr/bin/../lib/gcc/avr/5.4.0/avrxmega3\libgcc.a(_copy_data.o)
                              build/default/production/systime.o (__do_clear_bss)
c:/program files/microchip/xc8/v2.45/avr/bin/../lib/gcc/avr/5.4.0/../../../../avr/lib/avrxmega3\libc.a(exit.o)
                              C:/Users/Cmdrzin/.mchp_packs/Microchip/ATtiny_DFP/3.1.260/xc8/avr/lib/avrxmega3/crtattiny1614.o (exit)
c:/program files/microchip/xc8/v2.45/avr/bin/../lib/gcc/avr/5.4.0/../../../../avr/lib/avrxmega3\libc.a(_Exit.o)
                              c:/program files/microchip/xc8/v2.45/avr/bin/../lib/gcc/avr/5.4.0/../../../../avr/lib/avrxmega3\libc.a(exit.o) (_Exit)
c:/program files/microchip/xc8/v2.45/avr/bin/../lib/gcc/avr/5.4.0/avrxmega3\libgcc.a(_exit.o)
                              c:/program files/microchip/xc8/v2.45/avr/bin/../lib/gcc/avr/5.4.0/../../../../avr/lib/avrxmega3\libc.a(_Exit.o) (_exit)

Discarded input sections

 .data          0x0000000000000000        0x0 C:/Users/Cmdrzin/.mchp_packs/Microchip/ATtiny_DFP/3.1.260/xc8/avr/lib/avrxmega3/crtattiny1614.o
 .bss           0x0000000000000000        0x0 C:/Users/Cmdrzin/.mchp_packs/Microchip/ATtiny_DFP/3.1.260/xc8/avr/lib/avrxmega3/crtattiny1614.o
 .text          0x0000000000000000        0x0 build/default/production/main.o
 .data          0x0000000000000000        0x0 build/default/production/main.o
 .bss           0x0000000000000000        0x0 build/default/production/main.o
 .text          0x0000000000000000        0x0 build/default/production/systime.o
 .data          0x0000000000000000        0x0 build/default/production/systime.o
 .bss           0x0000000000000000        0x0 build/default/production/systime.o
 .text          0x0000000000000000        0x0 build/default/production/io_ctrl.o
 .data          0x0000000000000000        0x0 build/default/production/io_ctrl.o
 .bss           0x0000000000000000        0x0 build/default/production/io_ctrl.o
 .text          0x0000000000000000        0x0 build/default/production/spi_host.o
 .data          0x0000000000000000        0x0 build/default/production/spi_host.o
 .bss           0x0000000000000000        0x0 build/default/production/spi_host.o
 .text          0x0000000000000000        0x0 c:/program files/microchip/xc8/v2.45/avr/bin/../lib/gcc/avr/5.4.0/avrxmega3\libgcc.a(_copy_data.o)
 .data          0x0000000000000000        0x0 c:/program files/microchip/xc8/v2.45/avr/bin/../lib/gcc/avr/5.4.0/avrxmega3\libgcc.a(_copy_data.o)
 .bss           0x0000000000000000        0x0 c:/program files/microchip/xc8/v2.45/avr/bin/../lib/gcc/avr/5.4.0/avrxmega3\libgcc.a(_copy_data.o)
 .text.libgcc.mul
                0x0000000000000000        0x0 c:/program files/microchip/xc8/v2.45/avr/bin/../lib/gcc/avr/5.4.0/avrxmega3\libgcc.a(_copy_data.o)
 .text.libgcc.div
                0x0000000000000000        0x0 c:/program files/microchip/xc8/v2.45/avr/bin/../lib/gcc/avr/5.4.0/avrxmega3\libgcc.a(_copy_data.o)
 .text.libgcc   0x0000000000000000        0x0 c:/program files/microchip/xc8/v2.45/avr/bin/../lib/gcc/avr/5.4.0/avrxmega3\libgcc.a(_copy_data.o)
 .text.libgcc.prologue
                0x0000000000000000        0x0 c:/program files/microchip/xc8/v2.45/avr/bin/../lib/gcc/avr/5.4.0/avrxmega3\libgcc.a(_copy_data.o)
 .text.libgcc.builtins
                0x0000000000000000        0x0 c:/program files/microchip/xc8/v2.45/avr/bin/../lib/gcc/avr/5.4.0/avrxmega3\libgcc.a(_copy_data.o)
 .text.libgcc.fmul
                0x0000000000000000        0x0 c:/program files/microchip/xc8/v2.45/avr/bin/../lib/gcc/avr/5.4.0/avrxmega3\libgcc.a(_copy_data.o)
 .text.libgcc.fixed
                0x0000000000000000        0x0 c:/program files/microchip/xc8/v2.45/avr/bin/../lib/gcc/avr/5.4.0/avrxmega3\libgcc.a(_copy_data.o)
 .text          0x0000000000000000        0x0 c:/program files/microchip/xc8/v2.45/avr/bin/../lib/gcc/avr/5.4.0/../../../../avr/lib/avrxmega3\libc.a(exit.o)
 .data          0x0000000000000000        0x0 c:/program files/microchip/xc8/v2.45/avr/bin/../lib/gcc/avr/5.4.0/../../../../avr/lib/avrxmega3\libc.a(exit.o)
 .bss           0x0000000000000000        0x0 c:/program files/microchip/xc8/v2.45/avr/bin/../lib/gcc/avr/5.4.0/../../../../avr/lib/avrxmega3\libc.a(exit.o)
 .stack.descriptors
                0x0000000000000000       0x73 c:/program files/microchip/xc8/v2.45/avr/bin/../lib/gcc/avr/5.4.0/../../../../avr/lib/avrxmega3\libc.a(exit.o)
 .text          0x0000000000000000        0x0 c:/program files/microchip/xc8/v2.45/avr/bin/../lib/gcc/avr/5.4.0/../../../../avr/lib/avrxmega3\libc.a(_Exit.o)
 .data          0x0000000000000000        0x0 c:/program files/microchip/xc8/v2.45/avr/bin/../lib/gcc/avr/5.4.0/../../../../avr/lib/avrxmega3\libc.a(_Exit.o)
 .bss           0x0000000000000000        0x0 c:/program files/microchip/xc8/v2.45/avr/bin/../lib/gcc/avr/5.4.0/../../../../avr/lib/avrxmega3\libc.a(_Exit.o)
 .stack.descriptors
                0x0000000000000000       0x13 c:/program files/microchip/xc8/v2.45/avr/bin/../lib/gcc/avr/5.4.0/../../../../avr/lib/avrxmega3\libc.a(_Exit.o)
 .text          0x0000000000000000        0x0 c:/program files/microchip/xc8/v2.45/avr/bin/../lib/gcc/avr/5.4.0/avrxmega3\libgcc.a(_exit.o)
 .data          0x0000000000000000        0x0 c:/program files/microchip/xc8/v2.45/avr/bin/../lib/gcc/avr/5.4.0/avrxmega3\libgcc.a(_exit.o)
 .bss           0x0000000000000000        0x0 c:/program files/microchip/xc8/v2.45/avr/bin/../lib/gcc/avr/5.4.0/avrxmega3\libgcc.a(_exit.o)
 .text.libgcc.mul
                0x0000000000000000        0x0 c:/program files/microchip/xc8/v2.45/avr/bin/../lib/gcc/avr/5.4.0/avrxmega3\libgcc.a(_exit.o)
 .text.libgcc.div
                0x0000000000000000        0x0 c:/program files/microchip/xc8/v2.45/avr/bin/../lib/gcc/avr/5.4.0/avrxmega3\libgcc.a(_exit.o)
 .text.libgcc   0x0000000000000000        0x0 c:/program files/microchip/xc8/v2.45/avr/bin/../lib/gcc/avr/5.4.0/avrxmega3\libgcc.a(_exit.o)
 .text.libgcc.prologue
                0x0000000000000000        0x0 c:/program files/microchip/xc8/v2.45/avr/bin/../lib/gcc/avr/5.4.0/avrxmega3\libgcc.a(_exit.o)
 .stack.descriptors
                0x0000000000000000       0x13 c:/program files/microchip/xc8/v2.45/avr/bin/../lib/gcc/avr/5.4.0/avrxmega3\libgcc.a(_exit.o)
 .text.libgcc.builtins
                0x0000000000000000        0x0 c:/program files/microchip/xc8/v2.45/avr/bin/../lib/gcc/avr/5.4.0/avrxmega3\libgcc.a(_exit.o)
 .text.libgcc.fmul
                0x0000000000000000        0x0 c:/program files/microchip/xc8/v2.45/avr/bin/../lib/gcc/avr/5.4.0/avrxmega3\libgcc.a(_exit.o)
 .text.libgcc.fixed
                0x0000000000000000        0x0 c:/program files/microchip/xc8/v2.45/avr/bin/../lib/gcc/avr/5.4.0/avrxmega3\libgcc.a(_exit.o)

Memory Configuration

Name             Origin             Length             Attributes
text             0x0000000000000000 0x0000000000004000 xr
data             0x0000000000803800 0x0000000000000800 rw !x
eeprom           0x0000000000810000 0x0000000000000100 rw !x
fuse             0x0000000000820000 0x000000000000000a rw !x
lock             0x0000000000830000 0x0000000000000400 rw !x
signature        0x0000000000840000 0x0000000000000400 rw !x
user_signatures  0x0000000000850000 0x0000000000000400 rw !x
bootrow          0x0000000000860000 0x0000000000000400 rw !x
*default*        0x0000000000000000 0xffffffffffffffff

Linker script and memory map

Address of section .data set to 0x803800
                0x0000000000008000                __RODATA_PM_OFFSET__ = 0x8000
LOAD C:/Users/Cmdrzin/.mchp_packs/Microchip/ATtiny_DFP/3.1.260/xc8/avr/lib/avrxmega3/crtattiny1614.o
                0x0000000000000001                __MPLAB_BUILD = 0x1
LOAD build/default/production/main.o
LOAD build/default/production/systime.o
LOAD build/default/production/io_ctrl.o
LOAD build/default/production/spi_host.o
START GROUP
LOAD c:/program files/microchip/xc8/v2.45/avr/bin/../lib/gcc/avr/5.4.0/../../../../avr/lib/avrxmega3\libm.a
END GROUP
START GROUP
LOAD c:/program files/microchip/xc8/v2.45/avr/bin/../lib/gcc/avr/5.4.0/avrxmega3\libgcc.a
LOAD c:/program files/microchip/xc8/v2.45/avr/bin/../lib/gcc/avr/5.4.0/../../../../avr/lib/avrxmega3\libm.a
LOAD c:/program files/microchip/xc8/v2.45/avr/bin/../lib/gcc/avr/5.4.0/../../../../avr/lib/avrxmega3\libc.a
LOAD C:/Users/Cmdrzin/.mchp_packs/Microchip/ATtiny_DFP/3.1.260/xc8/avr/lib/avrxmega3\libattiny1614.a
END GROUP
                [0x0000000000000000]                __TEXT_REGION_ORIGIN__ = DEFINED (__TEXT_REGION_ORIGIN__)?__TEXT_REGION_ORIGIN__:0x0
                [0x0000000000803800]                __DATA_REGION_ORIGIN__ = DEFINED (__DATA_REGION_ORIGIN__)?__DATA_REGION_ORIGIN__:0x802000
                [0x0000000000004000]                __TEXT_REGION_LENGTH__ = DEFINED (__TEXT_REGION_LENGTH__)?__TEXT_REGION_LENGTH__:0x100000
                [0x0000000000000800]                __DATA_REGION_LENGTH__ = DEFINED (__DATA_REGION_LENGTH__)?__DATA_REGION_LENGTH__:0xffa0
                [0x0000000000000100]                __EEPROM_REGION_LENGTH__ = DEFINED (__EEPROM_REGION_LENGTH__)?__EEPROM_REGION_LENGTH__:0x10000
                [0x000000000000000a]                __FUSE_REGION_LENGTH__ = DEFINED (__FUSE_REGION_LENGTH__)?__FUSE_REGION_LENGTH__:0x400
                0x0000000000000400                __LOCK_REGION_LENGTH__ = DEFINED (__LOCK_REGION_LENGTH__)?__LOCK_REGION_LENGTH__:0x400
                0x0000000000000400                __SIGNATURE_REGION_LENGTH__ = DEFINED (__SIGNATURE_REGION_LENGTH__)?__SIGNATURE_REGION_LENGTH__:0x400
                0x0000000000000400                __USER_SIGNATURE_REGION_LENGTH__ = DEFINED (__USER_SIGNATURE_REGION_LENGTH__)?__USER_SIGNATURE_REGION_LENGTH__:0x400
                0x0000000000008000                __RODATA_PM_OFFSET__ = DEFINED (__RODATA_PM_OFFSET__)?__RODATA_PM_OFFSET__:0x8000
                0x0000000000000400                __BOOTROW_REGION_LENGTH__ = DEFINED (__BOOTROW_REGION_LENGTH__)?__BOOTROW_REGION_LENGTH__:0x400

.hash
 *(.hash)

.dynsym
 *(.dynsym)

.dynstr
 *(.dynstr)

.gnu.version
 *(.gnu.version)

.gnu.version_d
 *(.gnu.version_d)

.gnu.version_r
 *(.gnu.version_r)

.rel.init
 *(.rel.init)

.rela.init
 *(.rela.init)

.rel.text
 *(.rel.text)
 *(.rel.text.*)
 *(.rel.gnu.linkonce.t*)

.rela.text
 *(.rela.text)
 *(.rela.text.*)
 *(.rela.gnu.linkonce.t*)

.rel.fini
 *(.rel.fini)

.rela.fini
 *(.rela.fini)

.rel.rodata
 *(.rel.rodata)
 *(.rel.rodata.*)
 *(.rel.gnu.linkonce.r*)

.rela.rodata
 *(.rela.rodata)
 *(.rela.rodata.*)
 *(.rela.gnu.linkonce.r*)

.rel.data
 *(.rel.data)
 *(.rel.data.*)
 *(.rel.gnu.linkonce.d*)

.rela.data
 *(.rela.data)
 *(.rela.data.*)
 *(.rela.gnu.linkonce.d*)

.rel.ctors
 *(.rel.ctors)

.rela.ctors
 *(.rela.ctors)

.rel.dtors
 *(.rel.dtors)

.rela.dtors
 *(.rela.dtors)

.rel.got
 *(.rel.got)

.rela.got
 *(.rela.got)

.rel.bss
 *(.rel.bss)

.rela.bss
 *(.rela.bss)

.rel.plt
 *(.rel.plt)

.rela.plt
 *(.rela.plt)

.text           0x0000000000000000       0xd6
 *(.vectors)
 .vectors       0x0000000000000000       0x7c C:/Users/Cmdrzin/.mchp_packs/Microchip/ATtiny_DFP/3.1.260/xc8/avr/lib/avrxmega3/crtattiny1614.o
                0x0000000000000000                __vector_default
                0x0000000000000000                __vectors
 *(.vectors)
 *(.progmem.gcc*)
 *(.dinit)
 .dinit         0x000000000000007c        0x5 data_init
                0x0000000000000082                . = ALIGN (0x2)
 *fill*         0x0000000000000081        0x1 
                0x0000000000000082                __trampolines_start = .
 *(.trampolines)
 .trampolines   0x0000000000000082        0x0 linker stubs
 *(.trampolines*)
                0x0000000000000082                __trampolines_end = .
 *libprintf_flt.a:*(.progmem.data)
 *libc.a:*(.progmem.data)
                0x0000000000000082                . = ALIGN (0x2)
 *(.jumptables)
 *(.jumptables*)
 *(.lowtext)
 *(.lowtext*)
                0x0000000000000082                __ctors_start = .
 *(.ctors)
                0x0000000000000082                __ctors_end = .
                0x0000000000000082                __dtors_start = .
 *(.dtors)
                0x0000000000000082                __dtors_end = .
 SORT(*)(.ctors)
 SORT(*)(.dtors)
 *(.init0)
 .init0         0x0000000000000082        0x0 C:/Users/Cmdrzin/.mchp_packs/Microchip/ATtiny_DFP/3.1.260/xc8/avr/lib/avrxmega3/crtattiny1614.o
                0x0000000000000082                __init
 *(.init0)
 *(.init1)
 *(.init1)
 *(.init2)
 .init2         0x0000000000000082        0xc C:/Users/Cmdrzin/.mchp_packs/Microchip/ATtiny_DFP/3.1.260/xc8/avr/lib/avrxmega3/crtattiny1614.o
 *(.init2)
 *(.init3)
 *(.init3)
 *(.init4)
 .init4         0x000000000000008e       0x3c c:/program files/microchip/xc8/v2.45/avr/bin/../lib/gcc/avr/5.4.0/avrxmega3\libgcc.a(_copy_data.o)
                0x000000000000008e                __do_copy_data
                0x00000000000000bc                __do_clear_bss
 *(.init4)
 *(.init5)
 *(.init5)
 *(.init6)
 *(.init6)
 *(.init7)
 *(.init7)
 *(.init8)
 *(.init8)
 *(.init9)
 .init9         0x00000000000000ca        0x8 C:/Users/Cmdrzin/.mchp_packs/Microchip/ATtiny_DFP/3.1.260/xc8/avr/lib/avrxmega3/crtattiny1614.o
 *(.init9)
                0x00000000000000d2                . = ALIGN (0x2)
 *(.fini9)
 .fini9         0x00000000000000d2        0x0 c:/program files/microchip/xc8/v2.45/avr/bin/../lib/gcc/avr/5.4.0/avrxmega3\libgcc.a(_exit.o)
                0x00000000000000d2                _exit
 *(.fini9)
 *(.fini8)
 *(.fini8)
 *(.fini7)
 *(.fini7)
 *(.fini6)
 *(.fini6)
 *(.fini5)
 *(.fini5)
 *(.fini4)
 *(.fini4)
 *(.fini3)
 *(.fini3)
 *(.fini2)
 *(.fini2)
 *(.fini1)
 *(.fini1)
 *(.fini0)
 .fini0         0x00000000000000d2        0x4 c:/program files/microchip/xc8/v2.45/avr/bin/../lib/gcc/avr/5.4.0/avrxmega3\libgcc.a(_exit.o)
 *(.fini0)
                0x00000000000000d6                _etext = .

.data           0x0000000000803800        0x0 load address 0x00000000000000d6
                [!provide]                        PROVIDE (__data_start, .)
 *(.gnu.linkonce.d*)
                0x0000000000803800                . = ALIGN (0x2)
                0x0000000000803800                _edata = .
                [!provide]                        PROVIDE (__data_end, .)

.bss            0x0000000000803800        0x0
                [!provide]                        PROVIDE (__bss_start, .)
 *(COMMON)
                [!provide]                        PROVIDE (__bss_end, .)
                0x00000000000000d6                __data_load_start = LOADADDR (.data)
                0x00000000000000d6                __data_load_end = (__data_load_start + SIZEOF (.data))

.noinit         0x0000000000803800        0x0
                [!provide]                        PROVIDE (__noinit_start, .)
 *(.noinit*)
                [!provide]                        PROVIDE (__noinit_end, .)
                0x0000000000803800                _end = .

.eeprom         0x0000000000810000        0x0
 *(.eeprom*)
                0x0000000000810000                __eeprom_end = .

.fuse
 *(.fuse)
 *(.lfuse)
 *(.hfuse)
 *(.efuse)

.lock
 *(.lock*)

.signature
 *(.signature*)

.user_signatures
 *(.user_signatures*)

.bootrow
 *(.bootrow*)

.stab
 *(.stab)

.stabstr
 *(.stabstr)

.stab.excl
 *(.stab.excl)

.stab.exclstr
 *(.stab.exclstr)

.stab.index
 *(.stab.index)

.stab.indexstr
 *(.stab.indexstr)

.comment        0x0000000000000000       0x5b
 *(.comment)
 .comment       0x0000000000000000       0x2f build/default/production/main.o
                                         0x30 (size before relaxing)
 .comment       0x000000000000002f       0x30 build/default/production/systime.o
 .comment       0x000000000000002f       0x30 build/default/production/io_ctrl.o
 .comment       0x000000000000002f       0x30 build/default/production/spi_host.o
 .comment       0x000000000000002f       0x2c c:/program files/microchip/xc8/v2.45/avr/bin/../lib/gcc/avr/5.4.0/../../../../avr/lib/avrxmega3\libc.a(exit.o)
                                         0x2d (size before relaxing)
 .comment       0x000000000000005b       0x2d c:/program files/microchip/xc8/v2.45/avr/bin/../lib/gcc/avr/5.4.0/../../../../avr/lib/avrxmega3\libc.a(_Exit.o)

.stack.descriptors.hdr
                0x0000000000000000       0x2a
 .stack.descriptors.hdr
                0x0000000000000000        0xe c:/program files/microchip/xc8/v2.45/avr/bin/../lib/gcc/avr/5.4.0/../../../../avr/lib/avrxmega3\libc.a(exit.o)
 .stack.descriptors.hdr
                0x000000000000000e        0xe c:/program files/microchip/xc8/v2.45/avr/bin/../lib/gcc/avr/5.4.0/../../../../avr/lib/avrxmega3\libc.a(_Exit.o)
 .stack.descriptors.hdr
                0x000000000000001c        0xe c:/program files/microchip/xc8/v2.45/avr/bin/../lib/gcc/avr/5.4.0/avrxmega3\libgcc.a(_exit.o)

.note.GNU-stack
                0x0000000000000000        0x0
 .note.GNU-stack
                0x0000000000000000        0x0 c:/program files/microchip/xc8/v2.45/avr/bin/../lib/gcc/avr/5.4.0/../../../../avr/lib/avrxmega3\libc.a(exit.o)
 .note.GNU-stack
                0x0000000000000000        0x0 c:/program files/microchip/xc8/v2.45/avr/bin/../lib/gcc/avr/5.4.0/../../../../avr/lib/avrxmega3\libc.a(_Exit.o)

.note.gnu.build-id
 *(.note.gnu.build-id)

.debug
 *(.debug)

.line
 *(.line)

.debug_srcinfo
 *(.debug_srcinfo)

.debug_sfnames
 *(.debug_sfnames)

.debug_aranges  0x0000000000000000       0xa0
 *(.debug_aranges)
 .debug_aranges
                0x0000000000000000       0x20 build/default/production/main.o
 .debug_aranges
                0x0000000000000020       0x30 build/default/production/systime.o
 .debug_aranges
                0x0000000000000050       0x28 build/default/production/io_ctrl.o
 .debug_aranges
                0x0000000000000078       0x28 build/default/production/spi_host.o

.debug_pubnames
 *(.debug_pubnames)

.debug_info     0x0000000000000000     0x3412
 *(.debug_info .gnu.linkonce.wi.*)
 .debug_info    0x0000000000000000     0x1ba2 C:/Users/Cmdrzin/.mchp_packs/Microchip/ATtiny_DFP/3.1.260/xc8/avr/lib/avrxmega3/crtattiny1614.o
 .debug_info    0x0000000000001ba2      0x34b build/default/production/main.o
 .debug_info    0x0000000000001eed      0xbc8 build/default/production/systime.o
 .debug_info    0x0000000000002ab5      0x460 build/default/production/io_ctrl.o
 .debug_info    0x0000000000002f15      0x4fd build/default/production/spi_host.o

.debug_abbrev   0x0000000000000000     0x1d6c
 *(.debug_abbrev)
 .debug_abbrev  0x0000000000000000     0x1a26 C:/Users/Cmdrzin/.mchp_packs/Microchip/ATtiny_DFP/3.1.260/xc8/avr/lib/avrxmega3/crtattiny1614.o
 .debug_abbrev  0x0000000000001a26       0xaf build/default/production/main.o
 .debug_abbrev  0x0000000000001ad5      0x124 build/default/production/systime.o
 .debug_abbrev  0x0000000000001bf9       0xa0 build/default/production/io_ctrl.o
 .debug_abbrev  0x0000000000001c99       0xd3 build/default/production/spi_host.o

.debug_line     0x0000000000000000      0x5d7
 *(.debug_line .debug_line.* .debug_line_end)
 .debug_line    0x0000000000000000      0x151 C:/Users/Cmdrzin/.mchp_packs/Microchip/ATtiny_DFP/3.1.260/xc8/avr/lib/avrxmega3/crtattiny1614.o
 .debug_line    0x0000000000000151       0xec build/default/production/main.o
 .debug_line    0x000000000000023d      0x153 build/default/production/systime.o
 .debug_line    0x0000000000000390      0x107 build/default/production/io_ctrl.o
 .debug_line    0x0000000000000497      0x140 build/default/production/spi_host.o

.debug_frame    0x0000000000000000       0xe0
 *(.debug_frame)
 .debug_frame   0x0000000000000000       0x24 build/default/production/main.o
 .debug_frame   0x0000000000000024       0x54 build/default/production/systime.o
 .debug_frame   0x0000000000000078       0x34 build/default/production/io_ctrl.o
 .debug_frame   0x00000000000000ac       0x34 build/default/production/spi_host.o

.debug_str      0x0000000000000000      0xbee
 *(.debug_str)
 .debug_str     0x0000000000000000      0xb5b C:/Users/Cmdrzin/.mchp_packs/Microchip/ATtiny_DFP/3.1.260/xc8/avr/lib/avrxmega3/crtattiny1614.o
 .debug_str     0x0000000000000b5b       0x2d build/default/production/main.o
 .debug_str     0x0000000000000b88       0x52 build/default/production/systime.o
 .debug_str     0x0000000000000bda        0x0 build/default/production/io_ctrl.o
 .debug_str     0x0000000000000bda       0x14 build/default/production/spi_host.o

.debug_loc      0x0000000000000000       0xb6
 *(.debug_loc)
 .debug_loc     0x0000000000000000       0x60 build/default/production/main.o
 .debug_loc     0x0000000000000060       0x56 build/default/production/spi_host.o

.debug_macinfo
 *(.debug_macinfo)

.debug_weaknames
 *(.debug_weaknames)

.debug_funcnames
 *(.debug_funcnames)

.debug_typenames
 *(.debug_typenames)

.debug_varnames
 *(.debug_varnames)

.debug_pubtypes
 *(.debug_pubtypes)

.debug_ranges   0x0000000000000000       0x60
 *(.debug_ranges)
 .debug_ranges  0x0000000000000000       0x10 build/default/production/main.o
 .debug_ranges  0x0000000000000010       0x20 build/default/production/systime.o
 .debug_ranges  0x0000000000000030       0x18 build/default/production/io_ctrl.o
 .debug_ranges  0x0000000000000048       0x18 build/default/production/spi_host.o

.debug_macro
 *(.debug_macro)
OUTPUT(dist/default/production/ITMC_III_4a.X.production.elf elf32-avr)
LOAD linker stubs
LOAD data_init

.note.gnu.avr.deviceinfo
                0x0000000000000000       0x40
 .note.gnu.avr.deviceinfo
                0x0000000000000000       0x40 C:/Users/Cmdrzin/.mchp_packs/Microchip/ATtiny_DFP/3.1.260/xc8/avr/lib/avrxmega3/crtattiny1614.o

.bss.totalMilliseconds
                0x0000000000803800        0x4
 .bss.totalMilliseconds
                0x0000000000803800        0x4 build/default/production/systime.o

.text.__vector_8
                0x00000000000000d6       0x4c
 .text.__vector_8
                0x00000000000000d6       0x4c build/default/production/systime.o
                0x00000000000000d6                __vector_8

.text.main      0x0000000000000122       0x4a
 .text.main     0x0000000000000122       0x4a build/default/production/main.o
                0x0000000000000122                main

.text.spiSendByte
                0x000000000000016c       0x32
 .text.spiSendByte
                0x000000000000016c       0x32 build/default/production/spi_host.o
                0x000000000000016c                spiSendByte

.text.init_spi  0x000000000000019e       0x24
 .text.init_spi
                0x000000000000019e       0x24 build/default/production/spi_host.o
                0x000000000000019e                init_spi

.text.init_systime
                0x00000000000001c2       0x1a
 .text.init_systime
                0x00000000000001c2       0x1a build/default/production/systime.o
                0x00000000000001c2                init_systime

.text.millis    0x00000000000001dc       0x18
 .text.millis   0x00000000000001dc       0x18 build/default/production/systime.o
                0x00000000000001dc                millis

.text.exit      0x00000000000001f4       0x16
 .text.exit     0x00000000000001f4       0x16 c:/program files/microchip/xc8/v2.45/avr/bin/../lib/gcc/avr/5.4.0/../../../../avr/lib/avrxmega3\libc.a(exit.o)
                0x00000000000001f4                exit

.text.init_io   0x000000000000020a        0xc
 .text.init_io  0x000000000000020a        0xc build/default/production/io_ctrl.o
                0x000000000000020a                init_io

.text.toggle_LED
                0x0000000000000216        0x8
 .text.toggle_LED
                0x0000000000000216        0x8 build/default/production/io_ctrl.o
                0x0000000000000216                toggle_LED

.text           0x000000000000021e        0x4
 .text          0x000000000000021e        0x4 C:/Users/Cmdrzin/.mchp_packs/Microchip/ATtiny_DFP/3.1.260/xc8/avr/lib/avrxmega3/crtattiny1614.o
                0x000000000000021e                __vector_22
                0x000000000000021e                __vector_28
                0x000000000000021e                __vector_1
                0x000000000000021e                __vector_24
                0x000000000000021e                __vector_12
                0x000000000000021e                __bad_interrupt
                0x000000000000021e                __vector_6
                0x000000000000021e                __vector_3
                0x000000000000021e                __vector_23
                0x000000000000021e                __vector_30
                0x000000000000021e                __vector_25
                0x000000000000021e                __vector_11
                0x000000000000021e                __vector_13
                0x000000000000021e                __vector_17
                0x000000000000021e                __vector_19
                0x000000000000021e                __vector_7
                0x000000000000021e                __vector_27
                0x000000000000021e                __vector_5
                0x000000000000021e                __vector_4
                0x000000000000021e                __vector_9
                0x000000000000021e                __vector_2
                0x000000000000021e                __vector_21
                0x000000000000021e                __vector_15
                0x000000000000021e                __vector_29
                0x000000000000021e                __vector_26
                0x000000000000021e                __vector_14
                0x000000000000021e                __vector_10
                0x000000000000021e                __vector_16
                0x000000000000021e                __vector_18
                0x000000000000021e                __vector_20

.text._Exit     0x0000000000000222        0x4
 .text._Exit    0x0000000000000222        0x4 c:/program files/microchip/xc8/v2.45/avr/bin/../lib/gcc/avr/5.4.0/../../../../avr/lib/avrxmega3\libc.a(_Exit.o)
                0x0000000000000222                _Exit

.text.__dummy_fini
                0x0000000000000226        0x2
 .text.__dummy_fini
                0x0000000000000226        0x2 c:/program files/microchip/xc8/v2.45/avr/bin/../lib/gcc/avr/5.4.0/../../../../avr/lib/avrxmega3\libc.a(exit.o)
                0x0000000000000226                _fini

.text.__dummy_funcs_on_exit
                0x0000000000000228        0x2
 .text.__dummy_funcs_on_exit
                0x0000000000000228        0x2 c:/program files/microchip/xc8/v2.45/avr/bin/../lib/gcc/avr/5.4.0/../../../../avr/lib/avrxmega3\libc.a(exit.o)
                0x0000000000000228                __funcs_on_exit

.text.__dummy_simulator_exit
                0x000000000000022a        0x2
 .text.__dummy_simulator_exit
                0x000000000000022a        0x2 c:/program files/microchip/xc8/v2.45/avr/bin/../lib/gcc/avr/5.4.0/../../../../avr/lib/avrxmega3\libc.a(exit.o)
                0x000000000000022a                __simulator_exit
